{
    "test_chromap_chromap_paired_end": {
        "content": [
            {
                "0": [
                    [
                        {
                            "id": "test",
                            "single_end": false
                        },
                        "test.bed.gz:md5,54c1feb6f714b72f73befae8435e242b"
                    ]
                ],
                "1": [
                    
                ],
                "2": [
                    
                ],
                "3": [
                    
                ],
                "4": [
                    "versions.yml:md5,80647c2956e504334ad25ce31d33b539"
                ],
                "bam": [
                    
                ],
                "bed": [
                    [
                        {
                            "id": "test",
                            "single_end": false
                        },
                        "test.bed.gz:md5,54c1feb6f714b72f73befae8435e242b"
                    ]
                ],
                "pairs": [
                    
                ],
                "tagAlign": [
                    
                ],
                "versions": [
                    "versions.yml:md5,80647c2956e504334ad25ce31d33b539"
                ]
            }
        ],
        "meta": {
            "nf-test": "0.8.4",
            "nextflow": "24.04.1"
        },
        "timestamp": "2024-05-22T18:19:52.787441"
    },
    "test_chromap_chromap_paired_bam": {
        "content": [
            {
                "0": [
                    
                ],
                "1": [
                    [
                        {
                            "id": "test",
                            "single_end": false
                        },
                        "test.bam:md5,7f8af20a3fa52b2a8967977f0376f466"
                    ]
                ],
                "2": [
                    
                ],
                "3": [
                    
                ],
                "4": [
                    "versions.yml:md5,80647c2956e504334ad25ce31d33b539"
                ],
                "bam": [
                    [
                        {
                            "id": "test",
                            "single_end": false
                        },
                        "test.bam:md5,7f8af20a3fa52b2a8967977f0376f466"
                    ]
                ],
                "bed": [
                    
                ],
                "pairs": [
                    
                ],
                "tagAlign": [
                    
                ],
                "versions": [
                    "versions.yml:md5,80647c2956e504334ad25ce31d33b539"
                ]
            }
        ],
        "meta": {
            "nf-test": "0.8.4",
            "nextflow": "24.04.1"
        },
        "timestamp": "2024-05-22T18:19:59.372923"
    },
    "test_chromap_chromap_single_end": {
        "content": [
            {
                "0": [
                    [
                        {
                            "id": "test",
                            "single_end": true
                        },
                        "test.bed.gz:md5,c45f5bb1c6eb56359760ce3827bfe3f4"
                    ]
                ],
                "1": [
                    
                ],
                "2": [
                    
                ],
                "3": [
                    
                ],
                "4": [
                    "versions.yml:md5,80647c2956e504334ad25ce31d33b539"
                ],
                "bam": [
                    
                ],
                "bed": [
                    [
                        {
                            "id": "test",
                            "single_end": true
                        },
                        "test.bed.gz:md5,c45f5bb1c6eb56359760ce3827bfe3f4"
                    ]
                ],
                "pairs": [
                    
                ],
                "tagAlign": [
                    
                ],
                "versions": [
                    "versions.yml:md5,80647c2956e504334ad25ce31d33b539"
                ]
            }
        ],
        "meta": {
            "nf-test": "0.8.4",
            "nextflow": "24.04.1"
        },
        "timestamp": "2024-05-22T18:19:46.608113"
    }
}
